[03:53:23] 📦 GitHub Yedeklemesi Başlatılıyor [Geçen Süre: 8.9 saat]...
[03:53:23] 🌐 Canlı Envanter & Tarla Paneli: http://localhost:5000
[03:53:23] 🛡️ Anti-Bot Güvenlik Katmanı ve Canlı Token Güncelleyici Devrede!
[03:53:23] 📦 GitHub Yedeklemesi Başlatılıyor [Geçen Süre: 8.9 saat]...
[03:53:23] ℹ️ Yedekleme kontrol edildi (kaydedilecek yeni veri değişikliği yok).
[03:53:23] 🐾 Hayvan hazır! Doğal insan tepkisi için 31 sn bekleniyor...
[03:53:24] ✅ GitHub Yedeklemesi Başarıyla Tamamlandı! (Tüm hayvan, ekin ve ayarlar güncel)
[03:53:55] 🧺 Pyronet hasat ediliyor...
[03:53:55] 🌱 Tohum hazırlığı: 32.0 saniye bekleniyor...
[03:54:27] 🥩 Yem Veriliyor: Pyronet -> Firebird Food...
[03:54:28] 🌱 Tohum hazırlığı: 15.1 saniye bekleniyor...
[03:54:43] 🧺 Pyronet hasat ediliyor...
[03:54:43] 🌱 Tohum hazırlığı: 34.5 saniye bekleniyor...
[03:55:18] 🥩 Yem Veriliyor: Pyronet -> Firebird Food...
[03:55:18] 🌱 Tohum hazırlığı: 20.1 saniye bekleniyor...

==================================================
[03:55:38] 🌱 Fi̇ery barberry  -> Kalan: 2 sa 9 dk 24 sn
[03:55:38] 🌱 Dragon Fruit     -> Kalan: 9 sa 25 dk 29 sn
[03:55:38] 🌱 Li̇ght tree      -> Kalan: 4 sa 32 dk 50 sn
==================================================
[03:55:38] 🕒 Ekin hazır! Doğal insan tepkisi için 47 sn bekleniyor...
[03:56:26] ⚡ Melon hasat ediliyor...
[03:56:26] 🌱 Tohum hazırlığı: 41.2 saniye bekleniyor...
[03:57:07] 🌱 [Lv4] Melon ekiliyor...
[03:57:08] 🌱 Tohum hazırlığı: 40.5 saniye bekleniyor...
[03:57:48] ⚡ Bell pepper hasat ediliyor...
[03:57:49] 🌱 Tohum hazırlığı: 44.8 saniye bekleniyor...
[03:58:34] 🌱 [Lv3] Bell pepper ekiliyor...
[03:58:35] 🌱 Tohum hazırlığı: 53.9 saniye bekleniyor...
[03:59:29] ⚡ White Lily hasat ediliyor...
[03:59:30] 🌱 Tohum hazırlığı: 47.0 saniye bekleniyor...
[04:00:17] 🌱 [Lv3] White Lily ekiliyor...
[04:00:17] 🌱 Tohum hazırlığı: 60.0 saniye bekleniyor...
[04:01:17] ⚡ Sunflower hasat ediliyor...
[04:01:18] 🌱 Tohum hazırlığı: 46.2 saniye bekleniyor...
[04:02:04] 🌱 [Lv3] Sunflower ekiliyor...
[04:02:05] 🌱 Tohum hazırlığı: 52.1 saniye bekleniyor...
[04:02:57] ⚡ Li̇ght tree hasat ediliyor...
[04:02:58] 🌱 Tohum hazırlığı: 57.9 saniye bekleniyor...
[04:03:56] 🌱 [Lv2] Li̇ght tree ekiliyor...
[04:03:56] 🌱 Tohum hazırlığı: 45.8 saniye bekleniyor...
[04:04:42] ⚡ Li̇ght tree hasat ediliyor...
[04:04:43] 🌱 Tohum hazırlığı: 49.3 saniye bekleniyor...
[04:05:32] 🌱 [Lv3] Li̇ght tree ekiliyor...
[04:05:33] 🌱 Tohum hazırlığı: 32.1 saniye bekleniyor...
[04:06:07] ☕ Anti-Bot: Doğal oyuncu molası veriliyor (2 dakika)...

==================================================
[04:08:31] 🌱 Melon            -> Kalan: 4 sa 8 dk 37 sn
[04:08:31] 🌱 Fi̇ery barberry  -> Kalan: 1 sa 54 dk 16 sn
[04:08:31] 🌱 Bell pepper      -> Kalan: 53 dk 3 sn
[04:08:31] 🌱 Sunflower        -> Kalan: 53 dk 34 sn
[04:08:31] 🌱 Dragon Fruit     -> Kalan: 9 sa 10 dk 22 sn
[04:08:31] 🌱 White Lily       -> Kalan: 4 sa 51 dk 46 sn
[04:08:31] 🌱 Li̇ght tree      -> Kalan: 7 sa 3 dk 49 sn
[04:08:31] 🌱 Li̇ght tree      -> Kalan: 8 sa 50 dk 44 sn
[04:08:31] 🌱 Li̇ght tree      -> Kalan: 4 sa 17 dk 43 sn
==================================================


[05:02:15] ⚠️ Bağlantı Hatası: HTTPSConnectionPool(host='chainers.io', port=443): Read timed out. (read timeout=10)

==================================================
[05:02:24] 🌱 Melon            -> Kalan: 3 sa 14 dk 43 sn
[05:02:24] 🌱 Fi̇ery barberry  -> Kalan: 1 sa 0 dk 23 sn
[05:02:24] 🌱 Dragon Fruit     -> Kalan: 8 sa 16 dk 28 sn
[05:02:24] 🌱 White Lily       -> Kalan: 3 sa 57 dk 53 sn
[05:02:24] 🌱 Li̇ght tree      -> Kalan: 6 sa 9 dk 56 sn
[05:02:24] 🌱 Li̇ght tree      -> Kalan: 7 sa 56 dk 50 sn
[05:02:24] 🌱 Li̇ght tree      -> Kalan: 3 sa 23 dk 49 sn
==================================================
[05:02:24] 🕒 Ekin hazır! Doğal insan tepkisi için 53 sn bekleniyor...
[05:03:18] ⚡ Bell pepper hasat ediliyor...
[05:03:19] 🌱 Tohum hazırlığı: 35.8 saniye bekleniyor...
[05:03:54] 🌱 [Lv3] Bell pepper ekiliyor...
[05:03:55] 🌱 Tohum hazırlığı: 52.7 saniye bekleniyor...
[05:04:48] ⚡ Sunflower hasat ediliyor...
[05:04:48] 🌱 Tohum hazırlığı: 48.1 saniye bekleniyor...
[05:05:36] 🌱 [Lv3] Sunflower ekiliyor...
[05:05:37] 🌱 Tohum hazırlığı: 36.3 saniye bekleniyor...

==================================================
[05:06:21] 🌱 Melon            -> Kalan: 3 sa 10 dk 51 sn
[05:06:21] 🌱 Fi̇ery barberry  -> Kalan: 56 dk 30 sn
[05:06:21] 🌱 Bell pepper      -> Kalan: 1 sa 0 dk 38 sn
[05:06:21] 🌱 Sunflower        -> Kalan: 59 dk 21 sn
[05:06:21] 🌱 Dragon Fruit     -> Kalan: 8 sa 12 dk 36 sn
[05:06:21] 🌱 White Lily       -> Kalan: 3 sa 54 dk 1 sn
[05:06:21] 🌱 Li̇ght tree      -> Kalan: 6 sa 6 dk 4 sn
[05:06:21] 🌱 Li̇ght tree      -> Kalan: 7 sa 52 dk 58 sn
[05:06:21] 🌱 Li̇ght tree      -> Kalan: 3 sa 19 dk 57 sn
==================================================


[06:03:10] ⚠️ Bağlantı Hatası: ('Connection aborted.', ConnectionResetError(104, 'Connection reset by peer'))

==================================================
[06:03:19] 🌱 Melon            -> Kalan: 2 sa 13 dk 49 sn
[06:03:19] 🌱 Bell pepper      -> Kalan: 3 dk 36 sn
[06:03:19] 🌱 Sunflower        -> Kalan: 2 dk 18 sn
[06:03:19] 🌱 Dragon Fruit     -> Kalan: 7 sa 15 dk 34 sn
[06:03:19] 🌱 White Lily       -> Kalan: 2 sa 56 dk 58 sn
[06:03:19] 🌱 Li̇ght tree      -> Kalan: 5 sa 9 dk 1 sn
[06:03:19] 🌱 Li̇ght tree      -> Kalan: 6 sa 55 dk 55 sn
[06:03:19] 🌱 Li̇ght tree      -> Kalan: 2 sa 22 dk 55 sn
==================================================
[06:03:19] 🕒 Ekin hazır! Doğal insan tepkisi için 41 sn bekleniyor...
[06:04:00] ⚡ Fi̇ery barberry hasat ediliyor...
[06:04:01] 🌱 Tohum hazırlığı: 47.6 saniye bekleniyor...
[06:04:48] 🌱 [Lv3] Fi̇ery barberry ekiliyor...
[06:04:49] 🌱 Tohum hazırlığı: 44.6 saniye bekleniyor...

==================================================
[06:05:36] 🌱 Melon            -> Kalan: 2 sa 11 dk 31 sn
[06:05:36] 🌱 Fi̇ery barberry  -> Kalan: 12 sa 59 dk 13 sn
[06:05:36] 🌱 Dragon Fruit     -> Kalan: 7 sa 13 dk 16 sn
[06:05:36] 🌱 Bell pepper      -> Kalan: 1 dk 19 sn
[06:05:36] 🌱 White Lily       -> Kalan: 2 sa 54 dk 41 sn
[06:05:36] 🌱 Sunflower        -> Kalan: 0 dk 1 sn
[06:05:36] 🌱 Li̇ght tree      -> Kalan: 5 sa 6 dk 44 sn
[06:05:36] 🌱 Li̇ght tree      -> Kalan: 6 sa 53 dk 38 sn
[06:05:36] 🌱 Li̇ght tree      -> Kalan: 2 sa 20 dk 37 sn
==================================================



==================================================
[06:05:56] 🌱 Melon            -> Kalan: 2 sa 11 dk 11 sn
[06:05:56] 🌱 Fi̇ery barberry  -> Kalan: 12 sa 58 dk 53 sn
[06:05:56] 🌱 Dragon Fruit     -> Kalan: 7 sa 12 dk 56 sn
[06:05:56] 🌱 Bell pepper      -> Kalan: 0 dk 59 sn
[06:05:56] 🌱 White Lily       -> Kalan: 2 sa 54 dk 21 sn
[06:05:56] 🌱 Li̇ght tree      -> Kalan: 5 sa 6 dk 24 sn
[06:05:56] 🌱 Li̇ght tree      -> Kalan: 6 sa 53 dk 18 sn
[06:05:56] 🌱 Li̇ght tree      -> Kalan: 2 sa 20 dk 18 sn
==================================================
[06:05:56] 🕒 Ekin hazır! Doğal insan tepkisi için 65 sn bekleniyor...
[06:07:02] ⚡ Sunflower hasat ediliyor...
[06:07:03] 🌱 Tohum hazırlığı: 34.5 saniye bekleniyor...
[06:07:37] 🌱 [Lv3] Sunflower ekiliyor...
[06:07:38] 🌱 Tohum hazırlığı: 31.7 saniye bekleniyor...

==================================================
[06:08:12] 🌱 Melon            -> Kalan: 2 sa 8 dk 56 sn
[06:08:12] 🌱 Fi̇ery barberry  -> Kalan: 12 sa 56 dk 37 sn
[06:08:12] 🌱 Dragon Fruit     -> Kalan: 7 sa 10 dk 41 sn
[06:08:12] 🌱 White Lily       -> Kalan: 2 sa 52 dk 5 sn
[06:08:12] 🌱 Sunflower        -> Kalan: 59 dk 26 sn
[06:08:12] 🌱 Li̇ght tree      -> Kalan: 5 sa 4 dk 8 sn
[06:08:12] 🌱 Li̇ght tree      -> Kalan: 6 sa 51 dk 2 sn
[06:08:12] 🌱 Li̇ght tree      -> Kalan: 2 sa 18 dk 2 sn
==================================================
[06:08:12] 🕒 Ekin hazır! Doğal insan tepkisi için 59 sn bekleniyor...
[06:09:11] ⚡ Bell pepper hasat ediliyor...
[06:09:12] 🌱 Tohum hazırlığı: 50.3 saniye bekleniyor...
[06:10:02] 🌱 [Lv3] Bell pepper ekiliyor...
[06:10:03] 🌱 Tohum hazırlığı: 37.5 saniye bekleniyor...

==================================================
[06:10:43] 🌱 Melon            -> Kalan: 2 sa 6 dk 25 sn
[06:10:43] 🌱 Fi̇ery barberry  -> Kalan: 12 sa 54 dk 6 sn
[06:10:43] 🌱 Bell pepper      -> Kalan: 1 sa 2 dk 20 sn
[06:10:43] 🌱 Sunflower        -> Kalan: 56 dk 55 sn
[06:10:43] 🌱 Dragon Fruit     -> Kalan: 7 sa 8 dk 10 sn
[06:10:43] 🌱 White Lily       -> Kalan: 2 sa 49 dk 34 sn
[06:10:43] 🌱 Li̇ght tree      -> Kalan: 5 sa 1 dk 37 sn
[06:10:43] 🌱 Li̇ght tree      -> Kalan: 6 sa 48 dk 32 sn
[06:10:43] 🌱 Li̇ght tree      -> Kalan: 2 sa 15 dk 31 sn
==================================================


[07:08:09] ⚠️ Bağlantı Hatası: ('Connection aborted.', ConnectionResetError(104, 'Connection reset by peer'))

==================================================
[07:08:19] 🌱 Melon            -> Kalan: 1 sa 8 dk 49 sn
[07:08:19] 🌱 Fi̇ery barberry  -> Kalan: 11 sa 56 dk 30 sn
[07:08:19] 🌱 Dragon Fruit     -> Kalan: 6 sa 10 dk 34 sn
[07:08:19] 🌱 Bell pepper      -> Kalan: 4 dk 44 sn
[07:08:19] 🌱 White Lily       -> Kalan: 1 sa 51 dk 59 sn
[07:08:19] 🌱 Li̇ght tree      -> Kalan: 4 sa 4 dk 2 sn
[07:08:19] 🌱 Li̇ght tree      -> Kalan: 5 sa 50 dk 56 sn
[07:08:19] 🌱 Li̇ght tree      -> Kalan: 1 sa 17 dk 55 sn
==================================================
[07:08:19] 🕒 Ekin hazır! Doğal insan tepkisi için 42 sn bekleniyor...
[07:09:01] ⚡ Sunflower hasat ediliyor...
[07:09:03] 🌱 Tohum hazırlığı: 54.2 saniye bekleniyor...
[07:09:57] 🌱 [Lv3] Sunflower ekiliyor...
[07:09:58] 🌱 Tohum hazırlığı: 37.5 saniye bekleniyor...

==================================================
[07:10:38] 🌱 Melon            -> Kalan: 1 sa 6 dk 30 sn
[07:10:38] 🌱 Fi̇ery barberry  -> Kalan: 11 sa 54 dk 11 sn
[07:10:38] 🌱 Dragon Fruit     -> Kalan: 6 sa 8 dk 15 sn
[07:10:38] 🌱 Bell pepper      -> Kalan: 2 dk 25 sn
[07:10:38] 🌱 White Lily       -> Kalan: 1 sa 49 dk 39 sn
[07:10:38] 🌱 Sunflower        -> Kalan: 59 dk 20 sn
[07:10:38] 🌱 Li̇ght tree      -> Kalan: 4 sa 1 dk 42 sn
[07:10:38] 🌱 Li̇ght tree      -> Kalan: 5 sa 48 dk 37 sn
[07:10:38] 🌱 Li̇ght tree      -> Kalan: 1 sa 15 dk 36 sn
==================================================



==================================================
[07:13:22] 🌱 Melon            -> Kalan: 1 sa 3 dk 46 sn
[07:13:22] 🌱 Fi̇ery barberry  -> Kalan: 11 sa 51 dk 27 sn
[07:13:22] 🌱 Dragon Fruit     -> Kalan: 6 sa 5 dk 31 sn
[07:13:22] 🌱 White Lily       -> Kalan: 1 sa 46 dk 56 sn
[07:13:22] 🌱 Sunflower        -> Kalan: 56 dk 36 sn
[07:13:22] 🌱 Li̇ght tree      -> Kalan: 3 sa 58 dk 59 sn
[07:13:22] 🌱 Li̇ght tree      -> Kalan: 5 sa 45 dk 53 sn
[07:13:22] 🌱 Li̇ght tree      -> Kalan: 1 sa 12 dk 52 sn
==================================================
[07:13:22] 🕒 Ekin hazır! Doğal insan tepkisi için 87 sn bekleniyor...
[07:14:50] ⚡ Bell pepper hasat ediliyor...
[07:14:50] 🌱 Tohum hazırlığı: 31.5 saniye bekleniyor...
[07:15:21] 🌱 [Lv3] Bell pepper ekiliyor...
[07:15:22] 🌱 Tohum hazırlığı: 37.4 saniye bekleniyor...
[07:16:02] ☕ Anti-Bot: Doğal oyuncu molası veriliyor (3 dakika)...

==================================================
[07:19:21] 🌱 Melon            -> Kalan: 57 dk 46 sn
[07:19:21] 🌱 Fi̇ery barberry  -> Kalan: 11 sa 45 dk 27 sn
[07:19:21] 🌱 Bell pepper      -> Kalan: 59 dk 1 sn
[07:19:21] 🌱 Sunflower        -> Kalan: 50 dk 36 sn
[07:19:21] 🌱 Dragon Fruit     -> Kalan: 5 sa 59 dk 31 sn
[07:19:21] 🌱 White Lily       -> Kalan: 1 sa 40 dk 56 sn
[07:19:21] 🌱 Li̇ght tree      -> Kalan: 3 sa 52 dk 59 sn
[07:19:21] 🌱 Li̇ght tree      -> Kalan: 5 sa 39 dk 53 sn
[07:19:21] 🌱 Li̇ght tree      -> Kalan: 1 sa 6 dk 52 sn
==================================================


[08:10:23] ⚠️ Bağlantı Hatası: ('Connection aborted.', ConnectionResetError(104, 'Connection reset by peer'))

==================================================
[08:10:32] 🌱 Melon            -> Kalan: 6 dk 36 sn
[08:10:32] 🌱 Fi̇ery barberry  -> Kalan: 10 sa 54 dk 17 sn
[08:10:32] 🌱 Dragon Fruit     -> Kalan: 5 sa 8 dk 21 sn
[08:10:32] 🌱 Bell pepper      -> Kalan: 7 dk 50 sn
[08:10:32] 🌱 White Lily       -> Kalan: 49 dk 45 sn
[08:10:32] 🌱 Li̇ght tree      -> Kalan: 3 sa 1 dk 48 sn
[08:10:32] 🌱 Li̇ght tree      -> Kalan: 4 sa 48 dk 43 sn
[08:10:32] 🌱 Li̇ght tree      -> Kalan: 15 dk 42 sn
==================================================
[08:10:32] 🕒 Ekin hazır! Doğal insan tepkisi için 87 sn bekleniyor...
[08:12:00] ⚡ Sunflower hasat ediliyor...
[08:12:01] 🌱 Tohum hazırlığı: 50.7 saniye bekleniyor...
[08:12:52] 🌱 [Lv3] Sunflower ekiliyor...
[08:12:52] 🌱 Tohum hazırlığı: 55.6 saniye bekleniyor...

==================================================
[08:13:51] 🌱 Melon            -> Kalan: 3 dk 17 sn
[08:13:51] 🌱 Fi̇ery barberry  -> Kalan: 10 sa 50 dk 58 sn
[08:13:51] 🌱 Bell pepper      -> Kalan: 4 dk 31 sn
[08:13:51] 🌱 Sunflower        -> Kalan: 59 dk 1 sn
[08:13:51] 🌱 Dragon Fruit     -> Kalan: 5 sa 5 dk 2 sn
[08:13:51] 🌱 White Lily       -> Kalan: 46 dk 26 sn
[08:13:51] 🌱 Li̇ght tree      -> Kalan: 2 sa 58 dk 29 sn
[08:13:51] 🌱 Li̇ght tree      -> Kalan: 4 sa 45 dk 24 sn
[08:13:51] 🌱 Li̇ght tree      -> Kalan: 12 dk 23 sn
==================================================



==================================================
[08:17:28] 🌱 Fi̇ery barberry  -> Kalan: 10 sa 47 dk 21 sn
[08:17:28] 🌱 Dragon Fruit     -> Kalan: 5 sa 1 dk 25 sn
[08:17:28] 🌱 Bell pepper      -> Kalan: 0 dk 54 sn
[08:17:28] 🌱 White Lily       -> Kalan: 42 dk 49 sn
[08:17:28] 🌱 Sunflower        -> Kalan: 55 dk 24 sn
[08:17:28] 🌱 Li̇ght tree      -> Kalan: 2 sa 54 dk 52 sn
[08:17:28] 🌱 Li̇ght tree      -> Kalan: 4 sa 41 dk 47 sn
[08:17:28] 🌱 Li̇ght tree      -> Kalan: 8 dk 46 sn
==================================================
[08:17:28] 🕒 Ekin hazır! Doğal insan tepkisi için 30 sn bekleniyor...
[08:17:58] ⚡ Melon hasat ediliyor...
[08:17:59] 🌱 Tohum hazırlığı: 53.0 saniye bekleniyor...
[08:18:52] 🌱 [Lv4] Melon ekiliyor...
[08:18:52] 🌱 Tohum hazırlığı: 45.8 saniye bekleniyor...

==================================================
[08:19:41] 🌱 Melon            -> Kalan: 4 sa 19 dk 11 sn
[08:19:41] 🌱 Fi̇ery barberry  -> Kalan: 10 sa 45 dk 8 sn
[08:19:41] 🌱 Dragon Fruit     -> Kalan: 4 sa 59 dk 12 sn
[08:19:41] 🌱 White Lily       -> Kalan: 40 dk 36 sn
[08:19:41] 🌱 Sunflower        -> Kalan: 53 dk 11 sn
[08:19:41] 🌱 Li̇ght tree      -> Kalan: 2 sa 52 dk 39 sn
[08:19:41] 🌱 Li̇ght tree      -> Kalan: 4 sa 39 dk 34 sn
[08:19:41] 🌱 Li̇ght tree      -> Kalan: 6 dk 33 sn
==================================================
[08:19:41] 🕒 Ekin hazır! Doğal insan tepkisi için 64 sn bekleniyor...
[08:20:46] ⚡ Bell pepper hasat ediliyor...
[08:20:46] 🌱 Tohum hazırlığı: 38.8 saniye bekleniyor...
[08:21:25] 🌱 [Lv3] Bell pepper ekiliyor...
[08:21:25] 🌱 Tohum hazırlığı: 41.1 saniye bekleniyor...

==================================================
[08:22:09] 🌱 Melon            -> Kalan: 4 sa 16 dk 43 sn
[08:22:09] 🌱 Fi̇ery barberry  -> Kalan: 10 sa 42 dk 40 sn
[08:22:09] 🌱 Dragon Fruit     -> Kalan: 4 sa 56 dk 43 sn
[08:22:09] 🌱 Bell pepper      -> Kalan: 1 sa 2 dk 16 sn
[08:22:09] 🌱 White Lily       -> Kalan: 38 dk 8 sn
[08:22:09] 🌱 Sunflower        -> Kalan: 50 dk 43 sn
[08:22:09] 🌱 Li̇ght tree      -> Kalan: 2 sa 50 dk 11 sn
[08:22:09] 🌱 Li̇ght tree      -> Kalan: 4 sa 37 dk 5 sn
[08:22:09] 🌱 Li̇ght tree      -> Kalan: 4 dk 4 sn
==================================================



==================================================
[08:26:25] 🌱 Melon            -> Kalan: 4 sa 12 dk 27 sn
[08:26:25] 🌱 Fi̇ery barberry  -> Kalan: 10 sa 38 dk 24 sn
[08:26:25] 🌱 Dragon Fruit     -> Kalan: 4 sa 52 dk 28 sn
[08:26:25] 🌱 Bell pepper      -> Kalan: 58 dk 0 sn
[08:26:25] 🌱 White Lily       -> Kalan: 33 dk 52 sn
[08:26:25] 🌱 Sunflower        -> Kalan: 46 dk 27 sn
[08:26:25] 🌱 Li̇ght tree      -> Kalan: 2 sa 45 dk 55 sn
[08:26:25] 🌱 Li̇ght tree      -> Kalan: 4 sa 32 dk 50 sn
==================================================
[08:26:25] 🕒 Ekin hazır! Doğal insan tepkisi için 44 sn bekleniyor...
[08:27:10] ⚡ Li̇ght tree hasat ediliyor...
[08:27:10] 🌱 Tohum hazırlığı: 47.5 saniye bekleniyor...
[08:27:58] 🌱 [Lv5] Li̇ght tree ekiliyor...
[08:27:59] 🌱 Tohum hazırlığı: 55.2 saniye bekleniyor...

==================================================
[08:28:56] 🌱 Melon            -> Kalan: 4 sa 9 dk 56 sn
[08:28:56] 🌱 Fi̇ery barberry  -> Kalan: 10 sa 35 dk 52 sn
[08:28:56] 🌱 Dragon Fruit     -> Kalan: 4 sa 49 dk 56 sn
[08:28:56] 🌱 Bell pepper      -> Kalan: 55 dk 29 sn
[08:28:56] 🌱 White Lily       -> Kalan: 31 dk 21 sn
[08:28:56] 🌱 Sunflower        -> Kalan: 43 dk 56 sn
[08:28:56] 🌱 Li̇ght tree      -> Kalan: 2 sa 43 dk 24 sn
[08:28:56] 🌱 Li̇ght tree      -> Kalan: 4 sa 30 dk 18 sn
[08:28:56] 🌱 Li̇ght tree      -> Kalan: 14 sa 37 dk 53 sn
==================================================


[09:00:53] ⚠️ Bağlantı Hatası: HTTPSConnectionPool(host='chainers.io', port=443): Read timed out. (read timeout=10)

==================================================
[09:01:03] 🌱 Melon            -> Kalan: 3 sa 37 dk 50 sn
[09:01:03] 🌱 Fi̇ery barberry  -> Kalan: 10 sa 3 dk 46 sn
[09:01:03] 🌱 Dragon Fruit     -> Kalan: 4 sa 17 dk 50 sn
[09:01:03] 🌱 Bell pepper      -> Kalan: 23 dk 23 sn
[09:01:03] 🌱 Sunflower        -> Kalan: 11 dk 50 sn
[09:01:03] 🌱 Li̇ght tree      -> Kalan: 2 sa 11 dk 18 sn
[09:01:03] 🌱 Li̇ght tree      -> Kalan: 3 sa 58 dk 12 sn
[09:01:03] 🌱 Li̇ght tree      -> Kalan: 14 sa 5 dk 47 sn
==================================================
[09:01:03] 🕒 Ekin hazır! Doğal insan tepkisi için 40 sn bekleniyor...
[09:01:43] ⚡ White Lily hasat ediliyor...
[09:01:43] 🌱 Tohum hazırlığı: 35.1 saniye bekleniyor...
[09:02:18] 🌱 [Lv3] White Lily ekiliyor...
[09:02:19] 🌱 Tohum hazırlığı: 56.3 saniye bekleniyor...

==================================================
[09:03:18] 🌱 Melon            -> Kalan: 3 sa 35 dk 34 sn
[09:03:18] 🌱 Fi̇ery barberry  -> Kalan: 10 sa 1 dk 31 sn
[09:03:18] 🌱 Bell pepper      -> Kalan: 21 dk 7 sn
[09:03:18] 🌱 Sunflower        -> Kalan: 9 dk 34 sn
[09:03:18] 🌱 Dragon Fruit     -> Kalan: 4 sa 15 dk 35 sn
[09:03:18] 🌱 White Lily       -> Kalan: 4 sa 59 dk 1 sn
[09:03:18] 🌱 Li̇ght tree      -> Kalan: 2 sa 9 dk 2 sn
[09:03:18] 🌱 Li̇ght tree      -> Kalan: 3 sa 55 dk 57 sn
[09:03:18] 🌱 Li̇ght tree      -> Kalan: 14 sa 3 dk 31 sn
==================================================


[09:13:20] ⚠️ Bağlantı Hatası: HTTPSConnectionPool(host='chainers.io', port=443): Read timed out. (read timeout=10)

==================================================
[09:13:29] 🌱 Melon            -> Kalan: 3 sa 25 dk 23 sn
[09:13:29] 🌱 Fi̇ery barberry  -> Kalan: 9 sa 51 dk 19 sn
[09:13:29] 🌱 Bell pepper      -> Kalan: 10 dk 56 sn
[09:13:29] 🌱 Dragon Fruit     -> Kalan: 4 sa 5 dk 23 sn
[09:13:29] 🌱 White Lily       -> Kalan: 4 sa 48 dk 49 sn
[09:13:29] 🌱 Li̇ght tree      -> Kalan: 1 sa 58 dk 51 sn
[09:13:29] 🌱 Li̇ght tree      -> Kalan: 3 sa 45 dk 45 sn
[09:13:29] 🌱 Li̇ght tree      -> Kalan: 13 sa 53 dk 20 sn
==================================================
[09:13:29] 🕒 Ekin hazır! Doğal insan tepkisi için 49 sn bekleniyor...
[09:14:19] ⚡ Sunflower hasat ediliyor...
[09:14:19] 🌱 Tohum hazırlığı: 47.9 saniye bekleniyor...
[09:15:07] 🌱 [Lv3] Sunflower ekiliyor...
[09:15:08] 🌱 Tohum hazırlığı: 55.7 saniye bekleniyor...

==================================================
[09:16:06] 🌱 Melon            -> Kalan: 3 sa 22 dk 46 sn
[09:16:06] 🌱 Fi̇ery barberry  -> Kalan: 9 sa 48 dk 43 sn
[09:16:06] 🌱 Dragon Fruit     -> Kalan: 4 sa 2 dk 46 sn
[09:16:06] 🌱 Bell pepper      -> Kalan: 8 dk 19 sn
[09:16:06] 🌱 White Lily       -> Kalan: 4 sa 46 dk 13 sn
[09:16:06] 🌱 Sunflower        -> Kalan: 59 dk 1 sn
[09:16:06] 🌱 Li̇ght tree      -> Kalan: 1 sa 56 dk 14 sn
[09:16:06] 🌱 Li̇ght tree      -> Kalan: 3 sa 43 dk 8 sn
[09:16:06] 🌱 Li̇ght tree      -> Kalan: 13 sa 50 dk 43 sn
==================================================


[09:24:47] ⚠️ Bağlantı Hatası: ('Connection aborted.', ConnectionResetError(104, 'Connection reset by peer'))

==================================================
[09:24:57] 🌱 Melon            -> Kalan: 3 sa 13 dk 55 sn
[09:24:57] 🌱 Fi̇ery barberry  -> Kalan: 9 sa 39 dk 52 sn
[09:24:57] 🌱 Dragon Fruit     -> Kalan: 3 sa 53 dk 56 sn
[09:24:57] 🌱 White Lily       -> Kalan: 4 sa 37 dk 22 sn
[09:24:57] 🌱 Sunflower        -> Kalan: 50 dk 11 sn
[09:24:57] 🌱 Li̇ght tree      -> Kalan: 1 sa 47 dk 23 sn
[09:24:57] 🌱 Li̇ght tree      -> Kalan: 3 sa 34 dk 18 sn
[09:24:57] 🌱 Li̇ght tree      -> Kalan: 13 sa 41 dk 53 sn
==================================================
[09:24:57] 🕒 Ekin hazır! Doğal insan tepkisi için 36 sn bekleniyor...
[09:25:33] ⚡ Bell pepper hasat ediliyor...
[09:25:33] 🌱 Tohum hazırlığı: 56.1 saniye bekleniyor...
[09:26:30] 🌱 [Lv3] Bell pepper ekiliyor...
[09:26:30] 🌱 Tohum hazırlığı: 60.0 saniye bekleniyor...

==================================================
[09:27:33] 🌱 Melon            -> Kalan: 3 sa 11 dk 19 sn
[09:27:33] 🌱 Fi̇ery barberry  -> Kalan: 9 sa 37 dk 16 sn
[09:27:33] 🌱 Dragon Fruit     -> Kalan: 3 sa 51 dk 19 sn
[09:27:33] 🌱 Bell pepper      -> Kalan: 1 sa 1 dk 57 sn
[09:27:33] 🌱 White Lily       -> Kalan: 4 sa 34 dk 46 sn
[09:27:33] 🌱 Sunflower        -> Kalan: 47 dk 34 sn
[09:27:33] 🌱 Li̇ght tree      -> Kalan: 1 sa 44 dk 47 sn
[09:27:33] 🌱 Li̇ght tree      -> Kalan: 3 sa 31 dk 41 sn
[09:27:33] 🌱 Li̇ght tree      -> Kalan: 13 sa 39 dk 16 sn
==================================================


[10:15:28] 📦 GitHub Yedeklemesi Başlatılıyor [Geçen Süre: 6.4 saat]...
